// Jest Snapshot v1, https://goo.gl/fbAQLP

exports[`pruebas en GifGridItem.js debe de mostrar el componente correctamente 1`] = `
<div
  className="card animate__animated animate__fadeIn"
>
  <img />
  <p />
</div>
`;
